[debug] [2026-06-08T08:55:09.261Z] ----------------------------------------------------------------------
[debug] [2026-06-08T08:55:09.264Z] Command:       /Users/vharutyunyan/.nvm/versions/node/v22.14.0/bin/node /Users/vharutyunyan/.nvm/versions/node/v22.14.0/bin/firebase init
[debug] [2026-06-08T08:55:09.264Z] CLI Version:   15.19.1
[debug] [2026-06-08T08:55:09.264Z] Platform:      darwin
[debug] [2026-06-08T08:55:09.264Z] Node Version:  v22.14.0
[debug] [2026-06-08T08:55:09.265Z] Time:          Mon Jun 08 2026 12:55:09 GMT+0400 (Armenia Standard Time)
[debug] [2026-06-08T08:55:09.265Z] ----------------------------------------------------------------------
[debug] 
[info] 
     ######## #### ########  ######## ########     ###     ######  ########
     ##        ##  ##     ## ##       ##     ##  ##   ##  ##       ##
     ######    ##  ########  ######   ########  #########  ######  ######
     ##        ##  ##    ##  ##       ##     ## ##     ##       ## ##
     ##       #### ##     ## ######## ########  ##     ##  ######  ########

You're about to initialize a Firebase project in this directory:

  /Users/vharutyunyan/wedding-invitation

[info] 
=== Project Setup
[info] 
[info] First, let's associate this project directory with a Firebase project.
[info] You can create multiple project aliases by running firebase use --add, 
[info] 
[debug] [2026-06-08T08:55:52.388Z] > command requires scopes: ["email","openid","https://www.googleapis.com/auth/cloudplatformprojects.readonly","https://www.googleapis.com/auth/firebase","https://www.googleapis.com/auth/cloud-platform"]
[debug] [2026-06-08T08:55:52.388Z] > authorizing via signed-in user (vlad.har.yan@gmail.com)
[debug] [2026-06-08T08:55:52.391Z] Checked if tokens are valid: true, expires at: 1780912500865
[debug] [2026-06-08T08:55:52.391Z] Checked if tokens are valid: true, expires at: 1780912500865
[debug] [2026-06-08T08:55:52.391Z] >>> [apiv2][query] GET https://firebase.googleapis.com/v1beta1/projects pageSize=100
[debug] [2026-06-08T08:55:53.085Z] <<< [apiv2][status] GET https://firebase.googleapis.com/v1beta1/projects 200
[debug] [2026-06-08T08:55:53.085Z] <<< [apiv2][body] GET https://firebase.googleapis.com/v1beta1/projects [omitted]
[info] 
=== Hosting Setup
[debug] [2026-06-08T08:56:01.686Z] Checked if tokens are valid: true, expires at: 1780912500865
[debug] [2026-06-08T08:56:01.686Z] Checked if tokens are valid: true, expires at: 1780912500865
[debug] [2026-06-08T08:56:01.686Z] >>> [apiv2][query] GET https://firebase.googleapis.com/v1beta1/projects/vg-wedding [none]
[debug] [2026-06-08T08:56:02.828Z] <<< [apiv2][status] GET https://firebase.googleapis.com/v1beta1/projects/vg-wedding 200
[debug] [2026-06-08T08:56:02.829Z] <<< [apiv2][body] GET https://firebase.googleapis.com/v1beta1/projects/vg-wedding {"projectId":"vg-wedding","projectNumber":"674126656333","displayName":"vg-wedding","name":"projects/vg-wedding","resources":{"hostingSite":"vg-wedding"},"state":"ACTIVE","etag":"1_7f66a5cb-356b-4271-aefc-3ff467f92486"}
[info] 
[info] Your public directory is the folder (relative to your project directory) that
[info] will contain Hosting assets to be uploaded with firebase deploy. If you
[info] have a build process for your assets, use your build's output directory.
[info] 
[info] 
[info] i  Detected a .git folder at /Users/vharutyunyan/wedding-invitation 
[info] i  Authorizing with GitHub to upload your service account to a GitHub repository's secrets store. 
[info] 
[info] Visit this URL on this device to log in:
[info] https://github.com/login/oauth/authorize?client_id=89cf50f02ac6aaed3484&state=966663993&redirect_uri=http%3A%2F%2Flocalhost%3A9005&scope=read%3Auser%20repo%20public_repo
[info] 
[info] Waiting for authentication...
[debug] [2026-06-08T08:56:40.224Z] >>> [apiv2][query] POST https://github.com/login/oauth/access_token [none]
[debug] [2026-06-08T08:56:40.224Z] >>> [apiv2][body] POST https://github.com/login/oauth/access_token [stream]
[debug] [2026-06-08T08:56:40.843Z] <<< [apiv2][status] POST https://github.com/login/oauth/access_token 200
[debug] [2026-06-08T08:56:40.843Z] <<< [apiv2][body] POST https://github.com/login/oauth/access_token {"access_token":"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","token_type":"bearer","scope":"read:user,repo"}
[debug] [2026-06-08T08:56:40.847Z] >>> [apiv2][query] GET https://api.github.com/user [none]
[debug] [2026-06-08T08:56:41.624Z] <<< [apiv2][status] GET https://api.github.com/user 200
[debug] [2026-06-08T08:56:41.625Z] <<< [apiv2][body] GET https://api.github.com/user {"login":"Vlad-Harutyunyan","id":43403715,"node_id":"MDQ6VXNlcjQzNDAzNzE1","avatar_url":"https://avatars.githubusercontent.com/u/43403715?v=4","gravatar_id":"","url":"https://api.github.com/users/Vlad-Harutyunyan","html_url":"https://github.com/Vlad-Harutyunyan","followers_url":"https://api.github.com/users/Vlad-Harutyunyan/followers","following_url":"https://api.github.com/users/Vlad-Harutyunyan/following{/other_user}","gists_url":"https://api.github.com/users/Vlad-Harutyunyan/gists{/gist_id}","starred_url":"https://api.github.com/users/Vlad-Harutyunyan/starred{/owner}{/repo}","subscriptions_url":"https://api.github.com/users/Vlad-Harutyunyan/subscriptions","organizations_url":"https://api.github.com/users/Vlad-Harutyunyan/orgs","repos_url":"https://api.github.com/users/Vlad-Harutyunyan/repos","events_url":"https://api.github.com/users/Vlad-Harutyunyan/events{/privacy}","received_events_url":"https://api.github.com/users/Vlad-Harutyunyan/received_events","type":"User","user_view_type":"private","site_admin":false,"name":"Vlad","company":null,"blog":"","location":"Yerevan","email":null,"hireable":null,"bio":null,"twitter_username":null,"notification_email":null,"public_repos":17,"public_gists":0,"followers":0,"following":0,"created_at":"2018-09-19T08:29:37Z","updated_at":"2026-06-08T06:44:32Z","private_gists":0,"total_private_repos":2,"owned_private_repos":2,"disk_usage":502600,"collaborators":0,"two_factor_authentication":true,"plan":{"name":"free","space":976562499,"collaborators":0,"private_repos":10000}}
[info] 
[info] ✔  Success! Logged into GitHub as Vlad-Harutyunyan 
[info] 
[debug] [2026-06-08T08:56:57.600Z] >>> [apiv2][query] GET https://api.github.com/repos/repository/actions/secrets/public-key type=owner
[debug] [2026-06-08T08:56:57.920Z] <<< [apiv2][status] GET https://api.github.com/repos/repository/actions/secrets/public-key 404
[debug] [2026-06-08T08:56:57.920Z] <<< [apiv2][body] GET https://api.github.com/repos/repository/actions/secrets/public-key {"message":"Not Found","documentation_url":"https://docs.github.com/rest","status":"404"}
[info] 
[info] 
[error] ⚠  The provided authorization cannot be used with this repository. If this repository is in an organization, did you remember to grant access? 
[info] 
[info] i  Action required: Visit this URL to ensure access has been granted to the appropriate organization(s) for the Firebase CLI GitHub OAuth App: 
[info] https://github.com/settings/connections/applications/89cf50f02ac6aaed3484
[info] 
[debug] [2026-06-08T08:57:14.610Z] >>> [apiv2][query] GET https://api.github.com/repos/repository/actions/secrets/public-key type=owner
[debug] [2026-06-08T08:57:14.960Z] <<< [apiv2][status] GET https://api.github.com/repos/repository/actions/secrets/public-key 404
[debug] [2026-06-08T08:57:14.960Z] <<< [apiv2][body] GET https://api.github.com/repos/repository/actions/secrets/public-key {"message":"Not Found","documentation_url":"https://docs.github.com/rest","status":"404"}
[info] 
[info] 
[error] ⚠  The provided authorization cannot be used with this repository. If this repository is in an organization, did you remember to grant access? 
[info] 
[info] i  Action required: Visit this URL to ensure access has been granted to the appropriate organization(s) for the Firebase CLI GitHub OAuth App: 
[info] https://github.com/settings/connections/applications/89cf50f02ac6aaed3484
[info] 
[debug] [2026-06-08T08:57:20.353Z] >>> [apiv2][query] GET https://api.github.com/repos//actions/secrets/public-key type=owner
[debug] [2026-06-08T08:57:20.740Z] <<< [apiv2][status] GET https://api.github.com/repos//actions/secrets/public-key 404
[debug] [2026-06-08T08:57:20.741Z] <<< [apiv2][body] GET https://api.github.com/repos//actions/secrets/public-key {"message":"Not Found","documentation_url":"https://docs.github.com/rest","status":"404"}
[info] 
[info] 
[error] ⚠  The provided authorization cannot be used with this repository. If this repository is in an organization, did you remember to grant access? 
[info] 
[info] i  Action required: Visit this URL to ensure access has been granted to the appropriate organization(s) for the Firebase CLI GitHub OAuth App: 
[info] https://github.com/settings/connections/applications/89cf50f02ac6aaed3484
[info] 
[debug] [2026-06-08T08:57:22.511Z] >>> [apiv2][query] GET https://api.github.com/repos/2/actions/secrets/public-key type=owner
[debug] [2026-06-08T08:57:22.833Z] <<< [apiv2][status] GET https://api.github.com/repos/2/actions/secrets/public-key 404
[debug] [2026-06-08T08:57:22.834Z] <<< [apiv2][body] GET https://api.github.com/repos/2/actions/secrets/public-key {"message":"Not Found","documentation_url":"https://docs.github.com/rest","status":"404"}
[info] 
[info] 
[error] ⚠  The provided authorization cannot be used with this repository. If this repository is in an organization, did you remember to grant access? 
[info] 
[info] i  Action required: Visit this URL to ensure access has been granted to the appropriate organization(s) for the Firebase CLI GitHub OAuth App: 
[info] https://github.com/settings/connections/applications/89cf50f02ac6aaed3484
[info] 
[debug] [2026-06-08T08:57:29.741Z] >>> [apiv2][query] GET https://api.github.com/repos/iser/actions/secrets/public-key type=owner
[debug] [2026-06-08T08:57:30.091Z] <<< [apiv2][status] GET https://api.github.com/repos/iser/actions/secrets/public-key 404
[debug] [2026-06-08T08:57:30.091Z] <<< [apiv2][body] GET https://api.github.com/repos/iser/actions/secrets/public-key {"message":"Not Found","documentation_url":"https://docs.github.com/rest","status":"404"}
[info] 
[info] 
[error] ⚠  The provided authorization cannot be used with this repository. If this repository is in an organization, did you remember to grant access? 
[info] 
[info] i  Action required: Visit this URL to ensure access has been granted to the appropriate organization(s) for the Firebase CLI GitHub OAuth App: 
[info] https://github.com/settings/connections/applications/89cf50f02ac6aaed3484
[info] 
[debug] [2026-06-08T08:57:32.157Z] >>> [apiv2][query] GET https://api.github.com/repos/user/actions/secrets/public-key type=owner
[debug] [2026-06-08T08:57:32.478Z] <<< [apiv2][status] GET https://api.github.com/repos/user/actions/secrets/public-key 404
[debug] [2026-06-08T08:57:32.479Z] <<< [apiv2][body] GET https://api.github.com/repos/user/actions/secrets/public-key {"message":"Not Found","documentation_url":"https://docs.github.com/rest","status":"404"}
[info] 
[info] 
[error] ⚠  The provided authorization cannot be used with this repository. If this repository is in an organization, did you remember to grant access? 
[info] 
[info] i  Action required: Visit this URL to ensure access has been granted to the appropriate organization(s) for the Firebase CLI GitHub OAuth App: 
[info] https://github.com/settings/connections/applications/89cf50f02ac6aaed3484
[info] 
